// Jest Snapshot v1, https://goo.gl/fbAQLP

exports[`compat importExtensions - d.ts 1`] = `
"export * from './numericSeparators.js';
export * as default from './numericSeparators.js';
export * as x from './test/index.js';
export type { A } from './test/index.js';
import type { A as B } from './test/index.js';
export type { B };
export { a } from './test/index.js';
import {} from './test/index.js';
export {};
export { a as a3 } from '../compat/test/index.js';
export { a as a2 } from './test/index.js';
export { abc } from '../_/index.js';
export type testA = typeof import('./numericSeparators.js');
//# sourceMappingURL=importExtensions.d.ts.map"
`;

exports[`compat importExtensions 1`] = `
"// â €â“¥ 2024     ðŸŒ©    ðŸŒ©     â €   â €
// â €         ðŸŒ© VÍ›oÍ›Í›Í›ltÍ›Í›Í›iÍ›Í›Í›Í›soÍ›Í›Í›.comâ €  â €â €â €
import * as test from './numericSeparators.js';
void test;
import * as test2 from './numericSeparators.js';
void test2;
export * from './numericSeparators.js';
export * as default from './numericSeparators.js';
export * as x from './test/index.js';
export { a } from './test/index.js';
import {} from './test/index.js';
export {};
export { a as a3 } from '../compat/test/index.js';
export { a as a2 } from './test/index.js';
export { abc } from '../_/index.js';
//# sourceMappingURL=importExtensions.js.map"
`;
