// Jest Snapshot v1, https://goo.gl/fbAQLP

exports[`compat numericSeparators 1`] = `
"// â €â“¥ 2023     ðŸŒ©    ðŸŒ©     â €   â €
// â €         ðŸŒ© VÍ›oÍ›Í›Í›ltÍ›Í›Í›iÍ›Í›Í›Í›soÍ›Í›Í›.comâ €  â €â €â €
export const test = 1000000;
export const otherTest = 0.000001;
//# sourceMappingURL=numericSeparators.js.map"
`;
