// Jest Snapshot v1, https://goo.gl/fbAQLP

exports[`compat undefined 1`] = `
"// â €â“¥ 2024     ğŸŒ©    ğŸŒ©     â €   â €
// â €         ğŸŒ© VÍ›oÍ›Í›Í›ltÍ›Í›Í›iÍ›Í›Í›Í›soÍ›Í›Í›.comâ €  â €â €â €
const a = void 0;
const b = a;
export function shadowSameType() {
    // eslint-disable-next-line no-shadow-restricted-names
    const undefined = b;
    return undefined;
}
export function shadowDifferentType() {
    // eslint-disable-next-line no-shadow-restricted-names
    const undefined = 123;
    return undefined;
}
//# sourceMappingURL=undefined.js.map"
`;
