// Jest Snapshot v1, https://goo.gl/fbAQLP

exports[`dot-access works 1`] = `
"// â €â“¥ 2022     ğŸŒ©    ğŸŒ©     â €   â €
// â €         ğŸŒ© VÍ›oÍ›Í›Í›ltÍ›Í›Í›iÍ›Í›Í›Í›soÍ›Í›Í›.comâ €  â €â €â €
import { $Assert, $assert } from '@voltiso/util';
// ğŸ‘— [@voltiso/transform/strip] Commented-out because of symbol \`$Assert\`
/*$Assert<IsIdentical<true, true>>()*/ 
// ğŸ‘— [@voltiso/transform/strip] Commented-out because of symbol \`$assert\`
/*$assert.defined(1)*/ 
// ğŸ‘— [@voltiso/transform/strip] Commented-out because of symbol \`$assert\`
/*$assert(0)*/ 
//# sourceMappingURL=dot-access.js.map"
`;
