// Jest Snapshot v1, https://goo.gl/fbAQLP

exports[`expect works 1`] = `
"// â €â“¥ 2023     ðŸŒ©    ðŸŒ©     â €   â €
// â €         ðŸŒ© VÍ›oÍ›Í›Í›ltÍ›Í›Í›iÍ›Í›Í›Í›soÍ›Í›Í›.comâ €  â €â €â €
/*import { $expect } from '@voltiso/util'*/ 
// ðŸ‘— [@voltiso/transform/strip] Commented-out because of symbol \`$expect\`
/*$expect(Object.getOwnPropertyDescriptors({})).toStrictEqual({})*/ 
export {};
//# sourceMappingURL=expect.js.map"
`;
