// Jest Snapshot v1, https://goo.gl/fbAQLP

exports[`import works 1`] = `
"// â €â“¥ 2022     ðŸŒ©    ðŸŒ©     â €   â €
// â €         ðŸŒ© VÍ›oÍ›Í›Í›ltÍ›Í›Í›iÍ›Í›Í›Í›soÍ›Í›Í›.comâ €  â €â €â €
/*import * as path from 'node:path'*/ 
// ðŸ‘— [@voltiso/transform/strip] Commented-out because of symbol \`basename\`
/*export const test = path.basename('a/b/c')*/ 
export {};
//# sourceMappingURL=import.js.map"
`;
