// Jest Snapshot v1, https://goo.gl/fbAQLP

exports[`jsdoc works 1`] = `
"// â €â“¥ 2022     ðŸŒ©    ðŸŒ©     â €   â €
// â €         ðŸŒ© VÍ›oÍ›Í›Í›ltÍ›Í›Í›iÍ›Í›Í›Í›soÍ›Í›Í›.comâ €  â €â €â €
/** @strip */
function willBeStripped() {
    // eslint-disable-next-line no-console
    console.log('stripped');
}
function normalFunction() {
    // eslint-disable-next-line no-console
    console.log('normal');
}
//[@voltiso/transform/strip] Commented-out because of symbol \`willBeStripped\`
/*willBeStripped()*/ 
normalFunction();
export {};
//# sourceMappingURL=jsdoc.js.map"
`;
