// Jest Snapshot v1, https://goo.gl/fbAQLP

exports[`nested works 1`] = `
"// â €â“¥ 2025     ðŸŒ©    ðŸŒ©     â €   â €
// â €         ðŸŒ© VÍ›oÍ›Í›Í›ltÍ›Í›Í›iÍ›Í›Í›Í›soÍ›Í›Í›.comâ €  â €â €â €
import { lazyFunction } from '@voltiso/util';
/*import { $expect } from '@voltiso/util.jest'*/ 
void lazyFunction;
void (() => {
    // ðŸ‘— [@voltiso/transform/strip] Commented-out because of symbol \`$expect\`
    /*$expect(0).toBeTruthy()*/ 
});
//# sourceMappingURL=nested.js.map"
`;
