// Jest Snapshot v1, https://goo.gl/fbAQLP

exports[`differentAssert works 1`] = `
"// â €â“¥ 2025     ğŸŒ©    ğŸŒ©     â €   â €
// â €         ğŸŒ© VÍ›oÍ›Í›Í›ltÍ›Í›Í›iÍ›Í›Í›Í›soÍ›Í›Í›.comâ €  â €â €â €
import assert from 'node:assert';
export function differentAssert() {
    assert(1);
}
//# sourceMappingURL=differentAssert.js.map"
`;
