// Jest Snapshot v1, https://goo.gl/fbAQLP

exports[`simple works 1`] = `
"// â €â“¥ 2022     ðŸŒ©    ðŸŒ©     â €   â €
// â €         ðŸŒ© VÍ›oÍ›Í›Í›ltÍ›Í›Í›iÍ›Í›Í›Í›soÍ›Í›Í›.comâ €  â €â €â €
import { assert } from '@voltiso/assertor';
export function simple() {
    const value = 0;
    assert(value === 1, {
        expression: 'assert',
        arguments: [
            'value === 1'
        ],
        typeArguments: [],
        location: {
            package: {
                name: '@voltiso/assertor.test',
                version: void 0
            },
            packagePath: 'src/simple.ts',
            gitPath: 'packages/assertor.test/src/simple.ts',
            position: 180,
            line: 6,
            column: 26,
            astPath: [
                'simple'
            ]
        }
    });
}
export function propertyAccess() {
    const myValue = void 0;
    assert.defined(myValue);
}
//# sourceMappingURL=simple.js.map"
`;
