// Jest Snapshot v1, https://goo.gl/fbAQLP

exports[`alias works 1`] = `
"import type * as handlers from './_/external-stuff';
export declare type Handlers = typeof handlers;
//# sourceMappingURL=absolute-path.d.ts.map"
`;
