// Jest Snapshot v1, https://goo.gl/fbAQLP

exports[`namespace-bad works 1`] = `
"import type { Test } from './_/external-stuff';
export declare type Flatten<T> = [{
    [k in keyof T]: T[k];
}][0];
/** @inline */ export declare type InlineFlatten<T> = [{
    [k in keyof T]: T[k];
}][0];
declare const obj: {
    a: Test.A;
    b: Test.B;
};
export declare type CannotBeInlined = InlineFlatten<typeof obj>;
export {};
//# sourceMappingURL=namespace-bad.d.ts.map"
`;
