// Jest Snapshot v1, https://goo.gl/fbAQLP

exports[`expression works 1`] = `
"export declare class NonGeneric {
    Type: string;
}
export interface Generic<T> {
    get Type(): T;
}
export type A = NonGeneric['Type'];
export type A_ = /* NonGeneric['Type'] */ string;
export type G0<T> = Generic<T>['Type'];
export type G0_<T> = /* Generic<T>['Type'] */ T;
export type G1 = Generic<string>['Type'];
export type G1_ = /* Generic<string>['Type'] */ string;
//# sourceMappingURL=expression.d.ts.map"
`;
