// Jest Snapshot v1, https://goo.gl/fbAQLP

exports[`external works 1`] = `
"import type { ExternalButGood, SneakyExternal } from './_/external-stuff';
export type A = ExternalButGood;
export type A_ = /* ExternalButGood */ { a: 1; } & { b: 2; };
export type B = SneakyExternal;
export type B_ = SneakyExternal;
//# sourceMappingURL=external.d.ts.map"
`;
