// Jest Snapshot v1, https://goo.gl/fbAQLP

exports[`namespace works 1`] = `
"import type { Test } from './_/external-stuff.js';
export type Flatten<T> = [{
    [k in keyof T]: T[k];
}][0];
/** @inline */ export type InlineFlatten<T> = [{
    [k in keyof T]: T[k];
}][0];
declare const obj: {
    a: Test.A;
    b: Test.B;
};
type A = Test.A;
type B = Test.B;
export type _unused_namespace = A | B;
export type Inlined = /* InlineFlatten<typeof obj> */ { a: Test.A; b: Test.B; };
export {};
//# sourceMappingURL=namespace.d.ts.map"
`;
