// Jest Snapshot v1, https://goo.gl/fbAQLP

exports[`typeof (not supported yet) works 1`] = `
"import type { AnyDoc } from './_/external-stuff';
export type A = AnyDoc;
//# sourceMappingURL=typeof.d.ts.map"
`;
