// Jest Snapshot v1, https://goo.gl/fbAQLP

exports[`callInfo simple 1`] = `
"// â €â“¥ 2022     ðŸŒ©    ðŸŒ©     â €   â €
// â €         ðŸŒ© VÍ›oÍ›Í›Í›ltÍ›Í›Í›iÍ›Í›Í›Í›soÍ›Í›Í›.comâ €  â €â €â €
var MyNamespace;
(function (MyNamespace) {
    /** @callInfo */
    function willAppend(_str, _info) {
        //
    }
    MyNamespace.willAppend = willAppend;
    function willNotAppend(_str, _info) {
        //
    }
    MyNamespace.willNotAppend = willNotAppend;
})(MyNamespace || (MyNamespace = {}));
var A;
(function (A) {
    let B;
    (function (B) {
        class C {
            /** @callInfo */
            // eslint-disable-next-line class-methods-use-this
            willAppend(_x, _info) {
                //
            }
            // eslint-disable-next-line class-methods-use-this
            willNotAppend(_x, _info) {
                //
            }
        }
        B.C = C;
    })(B = A.B || (A.B = {}));
})(A || (A = {}));
const c = new A.B.C();
var Test;
(function (Test) {
    function start() {
        MyNamespace.willAppend('a', {
            expression: 'MyNamespace.willAppend',
            arguments: [
                '\\'a\\''
            ],
            typeArguments: [],
            location: {
                package: {
                    name: '@voltiso/transform.test',
                    version: void 0
                },
                packagePath: 'src/call-info/simple.ts',
                gitPath: 'packages/transform.test/src/call-info/simple.ts',
                position: 699,
                line: 36,
                column: 26,
                astPath: [
                    'Test',
                    'start'
                ]
            }
        });
        MyNamespace.willNotAppend('a');
        c.willAppend(1, {
            expression: 'c.willAppend',
            arguments: [
                '1'
            ],
            typeArguments: [
                'number'
            ],
            location: {
                package: {
                    name: '@voltiso/transform.test',
                    version: void 0
                },
                packagePath: 'src/call-info/simple.ts',
                gitPath: 'packages/transform.test/src/call-info/simple.ts',
                position: 762,
                line: 38,
                column: 32,
                astPath: [
                    'Test',
                    'start'
                ]
            }
        });
        c.willNotAppend('a');
    }
    Test.start = start;
})(Test || (Test = {}));
Test.start();
export {};
//# sourceMappingURL=simple.js.map"
`;
